00:05.359  blend            | Read blend: "C:\Users\anton\robloxGame\assets\piggies\rare\aurora\revisions\og-v2\package\aurora-og-v2.blend"
00:14.359  render           | Saved: 'C:\Users\anton\robloxGame\assets\piggies\rare\aurora\revisions\og-v2\preview\frames\motion-00.png'
00:24.187  render           | Saved: 'C:\Users\anton\robloxGame\assets\piggies\rare\aurora\revisions\og-v2\preview\frames\motion-01.png'
00:34.109  render           | Saved: 'C:\Users\anton\robloxGame\assets\piggies\rare\aurora\revisions\og-v2\preview\frames\motion-02.png'
00:43.937  render           | Saved: 'C:\Users\anton\robloxGame\assets\piggies\rare\aurora\revisions\og-v2\preview\frames\motion-03.png'
00:54.109  render           | Saved: 'C:\Users\anton\robloxGame\assets\piggies\rare\aurora\revisions\og-v2\preview\frames\motion-04.png'
01:04.609  render           | Saved: 'C:\Users\anton\robloxGame\assets\piggies\rare\aurora\revisions\og-v2\preview\frames\motion-05.png'
01:14.687  render           | Saved: 'C:\Users\anton\robloxGame\assets\piggies\rare\aurora\revisions\og-v2\preview\frames\motion-06.png'
01:24.921  render           | Saved: 'C:\Users\anton\robloxGame\assets\piggies\rare\aurora\revisions\og-v2\preview\frames\motion-07.png'
01:34.843  render           | Saved: 'C:\Users\anton\robloxGame\assets\piggies\rare\aurora\revisions\og-v2\preview\frames\motion-08.png'
01:44.906  render           | Saved: 'C:\Users\anton\robloxGame\assets\piggies\rare\aurora\revisions\og-v2\preview\frames\motion-09.png'
01:54.750  render           | Saved: 'C:\Users\anton\robloxGame\assets\piggies\rare\aurora\revisions\og-v2\preview\frames\motion-10.png'
02:04.687  render           | Saved: 'C:\Users\anton\robloxGame\assets\piggies\rare\aurora\revisions\og-v2\preview\frames\motion-11.png'
02:14.562  render           | Saved: 'C:\Users\anton\robloxGame\assets\piggies\rare\aurora\revisions\og-v2\preview\frames\motion-12.png'
02:24.593  render           | Saved: 'C:\Users\anton\robloxGame\assets\piggies\rare\aurora\revisions\og-v2\preview\frames\motion-13.png'
02:34.234  render           | Saved: 'C:\Users\anton\robloxGame\assets\piggies\rare\aurora\revisions\og-v2\preview\frames\motion-14.png'
02:44.140  render           | Saved: 'C:\Users\anton\robloxGame\assets\piggies\rare\aurora\revisions\og-v2\preview\frames\motion-15.png'
02:58.953  render           | Saved: 'C:\Users\anton\robloxGame\assets\piggies\rare\aurora\revisions\og-v2\preview\frames\motion-16.png'
03:09.531  render           | Saved: 'C:\Users\anton\robloxGame\assets\piggies\rare\aurora\revisions\og-v2\preview\frames\motion-17.png'
03:20.625  render           | Saved: 'C:\Users\anton\robloxGame\assets\piggies\rare\aurora\revisions\og-v2\preview\frames\motion-18.png'
03:31.562  render           | Saved: 'C:\Users\anton\robloxGame\assets\piggies\rare\aurora\revisions\og-v2\preview\frames\motion-19.png'
03:42.578  render           | Saved: 'C:\Users\anton\robloxGame\assets\piggies\rare\aurora\revisions\og-v2\preview\frames\motion-20.png'
03:53.765  render           | Saved: 'C:\Users\anton\robloxGame\assets\piggies\rare\aurora\revisions\og-v2\preview\frames\motion-21.png'
04:06.765  render           | Saved: 'C:\Users\anton\robloxGame\assets\piggies\rare\aurora\revisions\og-v2\preview\frames\motion-22.png'
04:17.937  render           | Saved: 'C:\Users\anton\robloxGame\assets\piggies\rare\aurora\revisions\og-v2\preview\frames\motion-23.png'
04:29.390  render           | Saved: 'C:\Users\anton\robloxGame\assets\piggies\rare\aurora\revisions\og-v2\preview\frames\motion-24.png'
04:40.859  render           | Saved: 'C:\Users\anton\robloxGame\assets\piggies\rare\aurora\revisions\og-v2\preview\frames\motion-25.png'
04:52.156  render           | Saved: 'C:\Users\anton\robloxGame\assets\piggies\rare\aurora\revisions\og-v2\preview\frames\motion-26.png'
05:02.265  render           | Saved: 'C:\Users\anton\robloxGame\assets\piggies\rare\aurora\revisions\og-v2\preview\frames\motion-27.png'
05:11.328  render           | Saved: 'C:\Users\anton\robloxGame\assets\piggies\rare\aurora\revisions\og-v2\preview\frames\motion-28.png'
05:20.359  render           | Saved: 'C:\Users\anton\robloxGame\assets\piggies\rare\aurora\revisions\og-v2\preview\frames\motion-29.png'
05:27.906  render           | Saved: 'C:\Users\anton\robloxGame\assets\piggies\rare\aurora\revisions\og-v2\preview\frames\motion-30.png'
05:34.343  render           | Saved: 'C:\Users\anton\robloxGame\assets\piggies\rare\aurora\revisions\og-v2\preview\frames\motion-31.png'
05:40.468  render           | Saved: 'C:\Users\anton\robloxGame\assets\piggies\rare\aurora\revisions\og-v2\preview\frames\motion-32.png'
05:46.656  render           | Saved: 'C:\Users\anton\robloxGame\assets\piggies\rare\aurora\revisions\og-v2\preview\frames\motion-33.png'
05:53.718  render           | Saved: 'C:\Users\anton\robloxGame\assets\piggies\rare\aurora\revisions\og-v2\preview\frames\motion-34.png'
06:00.218  render           | Saved: 'C:\Users\anton\robloxGame\assets\piggies\rare\aurora\revisions\og-v2\preview\frames\motion-35.png'
06:07.625  render           | Saved: 'C:\Users\anton\robloxGame\assets\piggies\rare\aurora\revisions\og-v2\preview\frames\motion-36.png'
06:14.640  render           | Saved: 'C:\Users\anton\robloxGame\assets\piggies\rare\aurora\revisions\og-v2\preview\frames\motion-37.png'
06:23.500  render           | Saved: 'C:\Users\anton\robloxGame\assets\piggies\rare\aurora\revisions\og-v2\preview\frames\motion-38.png'
06:33.468  render           | Saved: 'C:\Users\anton\robloxGame\assets\piggies\rare\aurora\revisions\og-v2\preview\frames\motion-39.png'
06:41.656  render           | Saved: 'C:\Users\anton\robloxGame\assets\piggies\rare\aurora\revisions\og-v2\preview\frames\motion-40.png'
06:53.203  render           | Saved: 'C:\Users\anton\robloxGame\assets\piggies\rare\aurora\revisions\og-v2\preview\frames\motion-41.png'
07:02.421  render           | Saved: 'C:\Users\anton\robloxGame\assets\piggies\rare\aurora\revisions\og-v2\preview\frames\motion-42.png'
07:10.109  render           | Saved: 'C:\Users\anton\robloxGame\assets\piggies\rare\aurora\revisions\og-v2\preview\frames\motion-43.png'
07:25.531  render           | Saved: 'C:\Users\anton\robloxGame\assets\piggies\rare\aurora\revisions\og-v2\preview\frames\motion-44.png'
07:36.828  render           | Saved: 'C:\Users\anton\robloxGame\assets\piggies\rare\aurora\revisions\og-v2\preview\frames\motion-45.png'
07:47.625  render           | Saved: 'C:\Users\anton\robloxGame\assets\piggies\rare\aurora\revisions\og-v2\preview\frames\motion-46.png'
07:55.687  render           | Saved: 'C:\Users\anton\robloxGame\assets\piggies\rare\aurora\revisions\og-v2\preview\frames\motion-47.png'
MOTION_COMPLETE aurora
Blender 5.2.1 LTS (hash 9e2066aef7ef built 2026-08-25 02:38:20)

Blender quit
