C:\Users\anton\robloxGame\assets\piggies\og-refresh-v2\build.py:51: DeprecationWarning: 'Material.use_nodes' is expected to be removed in Blender 6.0
  m=bpy.data.materials.new(KEY+'_'+name);m.use_nodes=True
00:09.188  image.write      | ERROR OpenImageIO write failed: Could not open file "C:\Users\anton\.thumbnails\large\blender_28040_45449797014bc5e5c38b81e082d4682a.png.png"
Info: Saved as "aurora-og-v2-procedural.blend"
Info: Baking map saved to internal image, save it externally or pack it
BAKED aurora body color
Info: Baking map saved to internal image, save it externally or pack it
BAKED aurora body metal
Info: Baking map saved to internal image, save it externally or pack it
BAKED aurora body rough
Info: Baking map saved to internal image, save it externally or pack it
BAKED aurora body emissive
Info: Baking map saved to internal image, save it externally or pack it
Info: Baking map saved to internal image, save it externally or pack it
Info: Baking map saved to internal image, save it externally or pack it
Info: Baking map saved to internal image, save it externally or pack it
BAKED aurora trim color
Info: Baking map saved to internal image, save it externally or pack it
Info: Baking map saved to internal image, save it externally or pack it
Info: Baking map saved to internal image, save it externally or pack it
Info: Baking map saved to internal image, save it externally or pack it
BAKED aurora trim metal
Info: Baking map saved to internal image, save it externally or pack it
Info: Baking map saved to internal image, save it externally or pack it
Info: Baking map saved to internal image, save it externally or pack it
Info: Baking map saved to internal image, save it externally or pack it
BAKED aurora trim rough
Info: Baking map saved to internal image, save it externally or pack it
Info: Baking map saved to internal image, save it externally or pack it
Info: Baking map saved to internal image, save it externally or pack it
Info: Baking map saved to internal image, save it externally or pack it
BAKED aurora trim emissive
C:\Users\anton\robloxGame\assets\piggies\og-refresh-v2\build.py:273: DeprecationWarning: 'World.use_nodes' is expected to be removed in Blender 6.0
  world=bpy.data.worlds.new(KEY+'_World');world.use_nodes=True;scene.world=world
00:40.188  render           | Saved: 'C:\Users\anton\robloxGame\assets\piggies\rare\aurora\revisions\og-v2\preview\aurora-og-v2-hero.png'
01:07.875  render           | Saved: 'C:\Users\anton\robloxGame\assets\piggies\rare\aurora\revisions\og-v2\preview\aurora-og-v2-back.png'
01:36.969  render           | Saved: 'C:\Users\anton\robloxGame\assets\piggies\rare\aurora\revisions\og-v2\preview\aurora-og-v2-top.png'
01:37.032  image.write      | ERROR OpenImageIO write failed: Could not open file "C:\Users\anton\.thumbnails\large\blender_28040_89644a040ba4297fde455887cba73da2.png.png"

FBX export starting... 'C:\\Users\\anton\\robloxGame\\assets\\piggies\\rare\\aurora\\revisions\\og-v2\\package\\aurora-og-v2-complete.fbx'
export finished in 0.0408 sec.
FBX version: 7400
Info: Saved as "aurora-og-v2.blend"
OG_COMPLETE aurora {"extraTriangles": 0, "maps": 8, "basePreserved": true}
Blender 5.2.1 LTS (hash 9e2066aef7ef built 2026-08-25 02:38:20)

Blender quit
