C:\Users\anton\robloxGame\assets\piggies\og-refresh-v2\build.py:51: DeprecationWarning: 'Material.use_nodes' is expected to be removed in Blender 6.0
  m=bpy.data.materials.new(KEY+'_'+name);m.use_nodes=True
00:16.625  image.write      | ERROR OpenImageIO write failed: Could not open file "C:\Users\anton\.thumbnails\large\blender_28564_409b4febe18e1016db97a25ec09752e9.png.png"
Info: Saved as "banker-og-v2-procedural.blend"
Info: Baking map saved to internal image, save it externally or pack it
BAKED banker body color
Info: Baking map saved to internal image, save it externally or pack it
BAKED banker body metal
Info: Baking map saved to internal image, save it externally or pack it
BAKED banker body rough
Info: Baking map saved to internal image, save it externally or pack it
Info: Baking map saved to internal image, save it externally or pack it
Info: Baking map saved to internal image, save it externally or pack it
Info: Baking map saved to internal image, save it externally or pack it
BAKED banker trim color
Info: Baking map saved to internal image, save it externally or pack it
Info: Baking map saved to internal image, save it externally or pack it
Info: Baking map saved to internal image, save it externally or pack it
Info: Baking map saved to internal image, save it externally or pack it
BAKED banker trim metal
Info: Baking map saved to internal image, save it externally or pack it
Info: Baking map saved to internal image, save it externally or pack it
Info: Baking map saved to internal image, save it externally or pack it
Info: Baking map saved to internal image, save it externally or pack it
BAKED banker trim rough
C:\Users\anton\robloxGame\assets\piggies\og-refresh-v2\build.py:273: DeprecationWarning: 'World.use_nodes' is expected to be removed in Blender 6.0
  world=bpy.data.worlds.new(KEY+'_World');world.use_nodes=True;scene.world=world
01:37.609  render           | Saved: 'C:\Users\anton\robloxGame\assets\piggies\rare\banker\revisions\og-v2\preview\banker-og-v2-hero.png'
02:02.156  render           | Saved: 'C:\Users\anton\robloxGame\assets\piggies\rare\banker\revisions\og-v2\preview\banker-og-v2-back.png'
02:33.312  render           | Saved: 'C:\Users\anton\robloxGame\assets\piggies\rare\banker\revisions\og-v2\preview\banker-og-v2-top.png'
02:33.469  image.write      | ERROR OpenImageIO write failed: Could not open file "C:\Users\anton\.thumbnails\large\blender_28564_31e7a3f33c36b7b81bc0b0e50038414d.png.png"

FBX export starting... 'C:\\Users\\anton\\robloxGame\\assets\\piggies\\rare\\banker\\revisions\\og-v2\\package\\banker-og-v2-complete.fbx'
export finished in 0.1720 sec.
FBX version: 7400
Info: Saved as "banker-og-v2.blend"
OG_COMPLETE banker {"extraTriangles": 0, "maps": 6, "basePreserved": true}
Blender 5.2.1 LTS (hash 9e2066aef7ef built 2026-08-25 02:38:20)

Blender quit
