00:02.562  blend            | Read blend: "C:\Users\anton\robloxGame\assets\piggies\epic\ghost\revisions\og-v2\package\ghost-og-v2.blend"
00:07.828  render           | Saved: 'C:\Users\anton\robloxGame\assets\piggies\epic\ghost\revisions\og-v2\preview\frames\motion-00.png'
00:13.546  render           | Saved: 'C:\Users\anton\robloxGame\assets\piggies\epic\ghost\revisions\og-v2\preview\frames\motion-01.png'
00:19.234  render           | Saved: 'C:\Users\anton\robloxGame\assets\piggies\epic\ghost\revisions\og-v2\preview\frames\motion-02.png'
00:24.687  render           | Saved: 'C:\Users\anton\robloxGame\assets\piggies\epic\ghost\revisions\og-v2\preview\frames\motion-03.png'
00:30.187  render           | Saved: 'C:\Users\anton\robloxGame\assets\piggies\epic\ghost\revisions\og-v2\preview\frames\motion-04.png'
00:35.765  render           | Saved: 'C:\Users\anton\robloxGame\assets\piggies\epic\ghost\revisions\og-v2\preview\frames\motion-05.png'
00:41.828  render           | Saved: 'C:\Users\anton\robloxGame\assets\piggies\epic\ghost\revisions\og-v2\preview\frames\motion-06.png'
00:47.515  render           | Saved: 'C:\Users\anton\robloxGame\assets\piggies\epic\ghost\revisions\og-v2\preview\frames\motion-07.png'
00:53.125  render           | Saved: 'C:\Users\anton\robloxGame\assets\piggies\epic\ghost\revisions\og-v2\preview\frames\motion-08.png'
00:58.656  render           | Saved: 'C:\Users\anton\robloxGame\assets\piggies\epic\ghost\revisions\og-v2\preview\frames\motion-09.png'
01:04.296  render           | Saved: 'C:\Users\anton\robloxGame\assets\piggies\epic\ghost\revisions\og-v2\preview\frames\motion-10.png'
01:09.812  render           | Saved: 'C:\Users\anton\robloxGame\assets\piggies\epic\ghost\revisions\og-v2\preview\frames\motion-11.png'
01:15.203  render           | Saved: 'C:\Users\anton\robloxGame\assets\piggies\epic\ghost\revisions\og-v2\preview\frames\motion-12.png'
01:20.546  render           | Saved: 'C:\Users\anton\robloxGame\assets\piggies\epic\ghost\revisions\og-v2\preview\frames\motion-13.png'
01:26.562  render           | Saved: 'C:\Users\anton\robloxGame\assets\piggies\epic\ghost\revisions\og-v2\preview\frames\motion-14.png'
01:32.078  render           | Saved: 'C:\Users\anton\robloxGame\assets\piggies\epic\ghost\revisions\og-v2\preview\frames\motion-15.png'
01:37.671  render           | Saved: 'C:\Users\anton\robloxGame\assets\piggies\epic\ghost\revisions\og-v2\preview\frames\motion-16.png'
01:43.578  render           | Saved: 'C:\Users\anton\robloxGame\assets\piggies\epic\ghost\revisions\og-v2\preview\frames\motion-17.png'
01:49.312  render           | Saved: 'C:\Users\anton\robloxGame\assets\piggies\epic\ghost\revisions\og-v2\preview\frames\motion-18.png'
01:54.781  render           | Saved: 'C:\Users\anton\robloxGame\assets\piggies\epic\ghost\revisions\og-v2\preview\frames\motion-19.png'
02:00.359  render           | Saved: 'C:\Users\anton\robloxGame\assets\piggies\epic\ghost\revisions\og-v2\preview\frames\motion-20.png'
02:06.343  render           | Saved: 'C:\Users\anton\robloxGame\assets\piggies\epic\ghost\revisions\og-v2\preview\frames\motion-21.png'
02:11.875  render           | Saved: 'C:\Users\anton\robloxGame\assets\piggies\epic\ghost\revisions\og-v2\preview\frames\motion-22.png'
02:17.375  render           | Saved: 'C:\Users\anton\robloxGame\assets\piggies\epic\ghost\revisions\og-v2\preview\frames\motion-23.png'
02:23.000  render           | Saved: 'C:\Users\anton\robloxGame\assets\piggies\epic\ghost\revisions\og-v2\preview\frames\motion-24.png'
02:28.562  render           | Saved: 'C:\Users\anton\robloxGame\assets\piggies\epic\ghost\revisions\og-v2\preview\frames\motion-25.png'
02:34.625  render           | Saved: 'C:\Users\anton\robloxGame\assets\piggies\epic\ghost\revisions\og-v2\preview\frames\motion-26.png'
02:40.640  render           | Saved: 'C:\Users\anton\robloxGame\assets\piggies\epic\ghost\revisions\og-v2\preview\frames\motion-27.png'
02:48.375  render           | Saved: 'C:\Users\anton\robloxGame\assets\piggies\epic\ghost\revisions\og-v2\preview\frames\motion-28.png'
02:56.531  render           | Saved: 'C:\Users\anton\robloxGame\assets\piggies\epic\ghost\revisions\og-v2\preview\frames\motion-29.png'
03:02.890  render           | Saved: 'C:\Users\anton\robloxGame\assets\piggies\epic\ghost\revisions\og-v2\preview\frames\motion-30.png'
03:09.875  render           | Saved: 'C:\Users\anton\robloxGame\assets\piggies\epic\ghost\revisions\og-v2\preview\frames\motion-31.png'
03:16.921  render           | Saved: 'C:\Users\anton\robloxGame\assets\piggies\epic\ghost\revisions\og-v2\preview\frames\motion-32.png'
03:24.171  render           | Saved: 'C:\Users\anton\robloxGame\assets\piggies\epic\ghost\revisions\og-v2\preview\frames\motion-33.png'
03:31.609  render           | Saved: 'C:\Users\anton\robloxGame\assets\piggies\epic\ghost\revisions\og-v2\preview\frames\motion-34.png'
03:38.390  render           | Saved: 'C:\Users\anton\robloxGame\assets\piggies\epic\ghost\revisions\og-v2\preview\frames\motion-35.png'
03:45.203  render           | Saved: 'C:\Users\anton\robloxGame\assets\piggies\epic\ghost\revisions\og-v2\preview\frames\motion-36.png'
03:52.234  render           | Saved: 'C:\Users\anton\robloxGame\assets\piggies\epic\ghost\revisions\og-v2\preview\frames\motion-37.png'
03:59.421  render           | Saved: 'C:\Users\anton\robloxGame\assets\piggies\epic\ghost\revisions\og-v2\preview\frames\motion-38.png'
04:06.812  render           | Saved: 'C:\Users\anton\robloxGame\assets\piggies\epic\ghost\revisions\og-v2\preview\frames\motion-39.png'
04:14.015  render           | Saved: 'C:\Users\anton\robloxGame\assets\piggies\epic\ghost\revisions\og-v2\preview\frames\motion-40.png'
04:20.843  render           | Saved: 'C:\Users\anton\robloxGame\assets\piggies\epic\ghost\revisions\og-v2\preview\frames\motion-41.png'
04:27.015  render           | Saved: 'C:\Users\anton\robloxGame\assets\piggies\epic\ghost\revisions\og-v2\preview\frames\motion-42.png'
04:34.359  render           | Saved: 'C:\Users\anton\robloxGame\assets\piggies\epic\ghost\revisions\og-v2\preview\frames\motion-43.png'
04:40.937  render           | Saved: 'C:\Users\anton\robloxGame\assets\piggies\epic\ghost\revisions\og-v2\preview\frames\motion-44.png'
04:48.281  render           | Saved: 'C:\Users\anton\robloxGame\assets\piggies\epic\ghost\revisions\og-v2\preview\frames\motion-45.png'
04:54.796  render           | Saved: 'C:\Users\anton\robloxGame\assets\piggies\epic\ghost\revisions\og-v2\preview\frames\motion-46.png'
04:59.093  render           | Saved: 'C:\Users\anton\robloxGame\assets\piggies\epic\ghost\revisions\og-v2\preview\frames\motion-47.png'
MOTION_COMPLETE ghost
Blender 5.2.1 LTS (hash 9e2066aef7ef built 2026-08-25 02:38:20)

Blender quit
