00:02.562  blend            | Read blend: "C:\Users\anton\robloxGame\assets\piggies\epic\hologram\revisions\og-v2\package\hologram-og-v2.blend"
00:07.765  render           | Saved: 'C:\Users\anton\robloxGame\assets\piggies\epic\hologram\revisions\og-v2\preview\frames\motion-00.png'
00:13.515  render           | Saved: 'C:\Users\anton\robloxGame\assets\piggies\epic\hologram\revisions\og-v2\preview\frames\motion-01.png'
00:19.125  render           | Saved: 'C:\Users\anton\robloxGame\assets\piggies\epic\hologram\revisions\og-v2\preview\frames\motion-02.png'
00:24.500  render           | Saved: 'C:\Users\anton\robloxGame\assets\piggies\epic\hologram\revisions\og-v2\preview\frames\motion-03.png'
00:30.031  render           | Saved: 'C:\Users\anton\robloxGame\assets\piggies\epic\hologram\revisions\og-v2\preview\frames\motion-04.png'
00:35.203  render           | Saved: 'C:\Users\anton\robloxGame\assets\piggies\epic\hologram\revisions\og-v2\preview\frames\motion-05.png'
00:41.046  render           | Saved: 'C:\Users\anton\robloxGame\assets\piggies\epic\hologram\revisions\og-v2\preview\frames\motion-06.png'
00:46.843  render           | Saved: 'C:\Users\anton\robloxGame\assets\piggies\epic\hologram\revisions\og-v2\preview\frames\motion-07.png'
00:52.250  render           | Saved: 'C:\Users\anton\robloxGame\assets\piggies\epic\hologram\revisions\og-v2\preview\frames\motion-08.png'
00:58.296  render           | Saved: 'C:\Users\anton\robloxGame\assets\piggies\epic\hologram\revisions\og-v2\preview\frames\motion-09.png'
01:03.625  render           | Saved: 'C:\Users\anton\robloxGame\assets\piggies\epic\hologram\revisions\og-v2\preview\frames\motion-10.png'
01:09.125  render           | Saved: 'C:\Users\anton\robloxGame\assets\piggies\epic\hologram\revisions\og-v2\preview\frames\motion-11.png'
01:14.421  render           | Saved: 'C:\Users\anton\robloxGame\assets\piggies\epic\hologram\revisions\og-v2\preview\frames\motion-12.png'
01:19.828  render           | Saved: 'C:\Users\anton\robloxGame\assets\piggies\epic\hologram\revisions\og-v2\preview\frames\motion-13.png'
01:25.531  render           | Saved: 'C:\Users\anton\robloxGame\assets\piggies\epic\hologram\revisions\og-v2\preview\frames\motion-14.png'
01:31.234  render           | Saved: 'C:\Users\anton\robloxGame\assets\piggies\epic\hologram\revisions\og-v2\preview\frames\motion-15.png'
01:36.640  render           | Saved: 'C:\Users\anton\robloxGame\assets\piggies\epic\hologram\revisions\og-v2\preview\frames\motion-16.png'
01:42.531  render           | Saved: 'C:\Users\anton\robloxGame\assets\piggies\epic\hologram\revisions\og-v2\preview\frames\motion-17.png'
01:47.984  render           | Saved: 'C:\Users\anton\robloxGame\assets\piggies\epic\hologram\revisions\og-v2\preview\frames\motion-18.png'
01:53.562  render           | Saved: 'C:\Users\anton\robloxGame\assets\piggies\epic\hologram\revisions\og-v2\preview\frames\motion-19.png'
01:59.046  render           | Saved: 'C:\Users\anton\robloxGame\assets\piggies\epic\hologram\revisions\og-v2\preview\frames\motion-20.png'
02:04.640  render           | Saved: 'C:\Users\anton\robloxGame\assets\piggies\epic\hologram\revisions\og-v2\preview\frames\motion-21.png'
02:10.109  render           | Saved: 'C:\Users\anton\robloxGame\assets\piggies\epic\hologram\revisions\og-v2\preview\frames\motion-22.png'
02:15.718  render           | Saved: 'C:\Users\anton\robloxGame\assets\piggies\epic\hologram\revisions\og-v2\preview\frames\motion-23.png'
02:21.140  render           | Saved: 'C:\Users\anton\robloxGame\assets\piggies\epic\hologram\revisions\og-v2\preview\frames\motion-24.png'
02:26.609  render           | Saved: 'C:\Users\anton\robloxGame\assets\piggies\epic\hologram\revisions\og-v2\preview\frames\motion-25.png'
02:32.375  render           | Saved: 'C:\Users\anton\robloxGame\assets\piggies\epic\hologram\revisions\og-v2\preview\frames\motion-26.png'
02:38.218  render           | Saved: 'C:\Users\anton\robloxGame\assets\piggies\epic\hologram\revisions\og-v2\preview\frames\motion-27.png'
02:45.078  render           | Saved: 'C:\Users\anton\robloxGame\assets\piggies\epic\hologram\revisions\og-v2\preview\frames\motion-28.png'
02:53.218  render           | Saved: 'C:\Users\anton\robloxGame\assets\piggies\epic\hologram\revisions\og-v2\preview\frames\motion-29.png'
02:59.984  render           | Saved: 'C:\Users\anton\robloxGame\assets\piggies\epic\hologram\revisions\og-v2\preview\frames\motion-30.png'
03:06.796  render           | Saved: 'C:\Users\anton\robloxGame\assets\piggies\epic\hologram\revisions\og-v2\preview\frames\motion-31.png'
03:13.234  render           | Saved: 'C:\Users\anton\robloxGame\assets\piggies\epic\hologram\revisions\og-v2\preview\frames\motion-32.png'
03:19.968  render           | Saved: 'C:\Users\anton\robloxGame\assets\piggies\epic\hologram\revisions\og-v2\preview\frames\motion-33.png'
03:27.578  render           | Saved: 'C:\Users\anton\robloxGame\assets\piggies\epic\hologram\revisions\og-v2\preview\frames\motion-34.png'
03:34.328  render           | Saved: 'C:\Users\anton\robloxGame\assets\piggies\epic\hologram\revisions\og-v2\preview\frames\motion-35.png'
03:41.015  render           | Saved: 'C:\Users\anton\robloxGame\assets\piggies\epic\hologram\revisions\og-v2\preview\frames\motion-36.png'
03:47.781  render           | Saved: 'C:\Users\anton\robloxGame\assets\piggies\epic\hologram\revisions\og-v2\preview\frames\motion-37.png'
03:55.265  render           | Saved: 'C:\Users\anton\robloxGame\assets\piggies\epic\hologram\revisions\og-v2\preview\frames\motion-38.png'
04:02.109  render           | Saved: 'C:\Users\anton\robloxGame\assets\piggies\epic\hologram\revisions\og-v2\preview\frames\motion-39.png'
04:09.265  render           | Saved: 'C:\Users\anton\robloxGame\assets\piggies\epic\hologram\revisions\og-v2\preview\frames\motion-40.png'
04:15.890  render           | Saved: 'C:\Users\anton\robloxGame\assets\piggies\epic\hologram\revisions\og-v2\preview\frames\motion-41.png'
04:22.203  render           | Saved: 'C:\Users\anton\robloxGame\assets\piggies\epic\hologram\revisions\og-v2\preview\frames\motion-42.png'
04:28.828  render           | Saved: 'C:\Users\anton\robloxGame\assets\piggies\epic\hologram\revisions\og-v2\preview\frames\motion-43.png'
04:35.468  render           | Saved: 'C:\Users\anton\robloxGame\assets\piggies\epic\hologram\revisions\og-v2\preview\frames\motion-44.png'
04:41.953  render           | Saved: 'C:\Users\anton\robloxGame\assets\piggies\epic\hologram\revisions\og-v2\preview\frames\motion-45.png'
04:49.203  render           | Saved: 'C:\Users\anton\robloxGame\assets\piggies\epic\hologram\revisions\og-v2\preview\frames\motion-46.png'
04:55.562  render           | Saved: 'C:\Users\anton\robloxGame\assets\piggies\epic\hologram\revisions\og-v2\preview\frames\motion-47.png'
MOTION_COMPLETE hologram
Blender 5.2.1 LTS (hash 9e2066aef7ef built 2026-08-25 02:38:20)

Blender quit
