00:05.625  blend            | Read blend: "C:\Users\anton\robloxGame\assets\piggies\rare\neonmint\revisions\og-v2\package\neonmint-og-v2.blend"
00:15.547  render           | Saved: 'C:\Users\anton\robloxGame\assets\piggies\rare\neonmint\revisions\og-v2\preview\frames\motion-00.png'
00:25.500  render           | Saved: 'C:\Users\anton\robloxGame\assets\piggies\rare\neonmint\revisions\og-v2\preview\frames\motion-01.png'
00:35.703  render           | Saved: 'C:\Users\anton\robloxGame\assets\piggies\rare\neonmint\revisions\og-v2\preview\frames\motion-02.png'
00:46.750  render           | Saved: 'C:\Users\anton\robloxGame\assets\piggies\rare\neonmint\revisions\og-v2\preview\frames\motion-03.png'
00:57.062  render           | Saved: 'C:\Users\anton\robloxGame\assets\piggies\rare\neonmint\revisions\og-v2\preview\frames\motion-04.png'
01:07.875  render           | Saved: 'C:\Users\anton\robloxGame\assets\piggies\rare\neonmint\revisions\og-v2\preview\frames\motion-05.png'
01:18.719  render           | Saved: 'C:\Users\anton\robloxGame\assets\piggies\rare\neonmint\revisions\og-v2\preview\frames\motion-06.png'
01:28.937  render           | Saved: 'C:\Users\anton\robloxGame\assets\piggies\rare\neonmint\revisions\og-v2\preview\frames\motion-07.png'
01:39.016  render           | Saved: 'C:\Users\anton\robloxGame\assets\piggies\rare\neonmint\revisions\og-v2\preview\frames\motion-08.png'
01:50.297  render           | Saved: 'C:\Users\anton\robloxGame\assets\piggies\rare\neonmint\revisions\og-v2\preview\frames\motion-09.png'
02:00.516  render           | Saved: 'C:\Users\anton\robloxGame\assets\piggies\rare\neonmint\revisions\og-v2\preview\frames\motion-10.png'
02:10.625  render           | Saved: 'C:\Users\anton\robloxGame\assets\piggies\rare\neonmint\revisions\og-v2\preview\frames\motion-11.png'
02:21.234  render           | Saved: 'C:\Users\anton\robloxGame\assets\piggies\rare\neonmint\revisions\og-v2\preview\frames\motion-12.png'
02:31.734  render           | Saved: 'C:\Users\anton\robloxGame\assets\piggies\rare\neonmint\revisions\og-v2\preview\frames\motion-13.png'
02:42.062  render           | Saved: 'C:\Users\anton\robloxGame\assets\piggies\rare\neonmint\revisions\og-v2\preview\frames\motion-14.png'
02:55.641  render           | Saved: 'C:\Users\anton\robloxGame\assets\piggies\rare\neonmint\revisions\og-v2\preview\frames\motion-15.png'
03:06.156  render           | Saved: 'C:\Users\anton\robloxGame\assets\piggies\rare\neonmint\revisions\og-v2\preview\frames\motion-16.png'
03:16.766  render           | Saved: 'C:\Users\anton\robloxGame\assets\piggies\rare\neonmint\revisions\og-v2\preview\frames\motion-17.png'
03:28.156  render           | Saved: 'C:\Users\anton\robloxGame\assets\piggies\rare\neonmint\revisions\og-v2\preview\frames\motion-18.png'
03:38.844  render           | Saved: 'C:\Users\anton\robloxGame\assets\piggies\rare\neonmint\revisions\og-v2\preview\frames\motion-19.png'
03:49.422  render           | Saved: 'C:\Users\anton\robloxGame\assets\piggies\rare\neonmint\revisions\og-v2\preview\frames\motion-20.png'
04:00.687  render           | Saved: 'C:\Users\anton\robloxGame\assets\piggies\rare\neonmint\revisions\og-v2\preview\frames\motion-21.png'
04:11.812  render           | Saved: 'C:\Users\anton\robloxGame\assets\piggies\rare\neonmint\revisions\og-v2\preview\frames\motion-22.png'
04:22.937  render           | Saved: 'C:\Users\anton\robloxGame\assets\piggies\rare\neonmint\revisions\og-v2\preview\frames\motion-23.png'
04:34.094  render           | Saved: 'C:\Users\anton\robloxGame\assets\piggies\rare\neonmint\revisions\og-v2\preview\frames\motion-24.png'
04:45.906  render           | Saved: 'C:\Users\anton\robloxGame\assets\piggies\rare\neonmint\revisions\og-v2\preview\frames\motion-25.png'
04:56.719  render           | Saved: 'C:\Users\anton\robloxGame\assets\piggies\rare\neonmint\revisions\og-v2\preview\frames\motion-26.png'
05:05.922  render           | Saved: 'C:\Users\anton\robloxGame\assets\piggies\rare\neonmint\revisions\og-v2\preview\frames\motion-27.png'
05:14.469  render           | Saved: 'C:\Users\anton\robloxGame\assets\piggies\rare\neonmint\revisions\og-v2\preview\frames\motion-28.png'
05:22.969  render           | Saved: 'C:\Users\anton\robloxGame\assets\piggies\rare\neonmint\revisions\og-v2\preview\frames\motion-29.png'
05:29.453  render           | Saved: 'C:\Users\anton\robloxGame\assets\piggies\rare\neonmint\revisions\og-v2\preview\frames\motion-30.png'
05:35.641  render           | Saved: 'C:\Users\anton\robloxGame\assets\piggies\rare\neonmint\revisions\og-v2\preview\frames\motion-31.png'
05:42.531  render           | Saved: 'C:\Users\anton\robloxGame\assets\piggies\rare\neonmint\revisions\og-v2\preview\frames\motion-32.png'
05:49.734  render           | Saved: 'C:\Users\anton\robloxGame\assets\piggies\rare\neonmint\revisions\og-v2\preview\frames\motion-33.png'
05:57.172  render           | Saved: 'C:\Users\anton\robloxGame\assets\piggies\rare\neonmint\revisions\og-v2\preview\frames\motion-34.png'
06:04.656  render           | Saved: 'C:\Users\anton\robloxGame\assets\piggies\rare\neonmint\revisions\og-v2\preview\frames\motion-35.png'
06:11.734  render           | Saved: 'C:\Users\anton\robloxGame\assets\piggies\rare\neonmint\revisions\og-v2\preview\frames\motion-36.png'
06:20.953  render           | Saved: 'C:\Users\anton\robloxGame\assets\piggies\rare\neonmint\revisions\og-v2\preview\frames\motion-37.png'
06:30.969  render           | Saved: 'C:\Users\anton\robloxGame\assets\piggies\rare\neonmint\revisions\og-v2\preview\frames\motion-38.png'
06:39.687  render           | Saved: 'C:\Users\anton\robloxGame\assets\piggies\rare\neonmint\revisions\og-v2\preview\frames\motion-39.png'
06:48.516  render           | Saved: 'C:\Users\anton\robloxGame\assets\piggies\rare\neonmint\revisions\og-v2\preview\frames\motion-40.png'
06:57.219  render           | Saved: 'C:\Users\anton\robloxGame\assets\piggies\rare\neonmint\revisions\og-v2\preview\frames\motion-41.png'
07:05.547  render           | Saved: 'C:\Users\anton\robloxGame\assets\piggies\rare\neonmint\revisions\og-v2\preview\frames\motion-42.png'
07:15.687  render           | Saved: 'C:\Users\anton\robloxGame\assets\piggies\rare\neonmint\revisions\og-v2\preview\frames\motion-43.png'
07:28.219  render           | Saved: 'C:\Users\anton\robloxGame\assets\piggies\rare\neonmint\revisions\og-v2\preview\frames\motion-44.png'
07:41.469  render           | Saved: 'C:\Users\anton\robloxGame\assets\piggies\rare\neonmint\revisions\og-v2\preview\frames\motion-45.png'
07:48.922  render           | Saved: 'C:\Users\anton\robloxGame\assets\piggies\rare\neonmint\revisions\og-v2\preview\frames\motion-46.png'
07:56.734  render           | Saved: 'C:\Users\anton\robloxGame\assets\piggies\rare\neonmint\revisions\og-v2\preview\frames\motion-47.png'
MOTION_COMPLETE neonmint
Blender 5.2.1 LTS (hash 9e2066aef7ef built 2026-08-25 02:38:20)

Blender quit
