C:\Users\anton\robloxGame\assets\piggies\og-refresh-v2\build.py:51: DeprecationWarning: 'Material.use_nodes' is expected to be removed in Blender 6.0
  m=bpy.data.materials.new(KEY+'_'+name);m.use_nodes=True
00:05.688  image.write      | ERROR OpenImageIO write failed: Could not open file "C:\Users\anton\.thumbnails\large\blender_19264_981905bd2c1298d7afaba5461bf6070c.png.png"
Info: Saved as "rockslide-og-v2-procedural.blend"
Info: Baking map saved to internal image, save it externally or pack it
BAKED rockslide body color
Info: Baking map saved to internal image, save it externally or pack it
BAKED rockslide body metal
Info: Baking map saved to internal image, save it externally or pack it
BAKED rockslide body rough
Info: Baking map saved to internal image, save it externally or pack it
Info: Baking map saved to internal image, save it externally or pack it
Info: Baking map saved to internal image, save it externally or pack it
Info: Baking map saved to internal image, save it externally or pack it
BAKED rockslide trim color
Info: Baking map saved to internal image, save it externally or pack it
Info: Baking map saved to internal image, save it externally or pack it
Info: Baking map saved to internal image, save it externally or pack it
Info: Baking map saved to internal image, save it externally or pack it
BAKED rockslide trim metal
Info: Baking map saved to internal image, save it externally or pack it
Info: Baking map saved to internal image, save it externally or pack it
Info: Baking map saved to internal image, save it externally or pack it
Info: Baking map saved to internal image, save it externally or pack it
BAKED rockslide trim rough
C:\Users\anton\robloxGame\assets\piggies\og-refresh-v2\build.py:273: DeprecationWarning: 'World.use_nodes' is expected to be removed in Blender 6.0
  world=bpy.data.worlds.new(KEY+'_World');world.use_nodes=True;scene.world=world
00:31.985  render           | Saved: 'C:\Users\anton\robloxGame\assets\piggies\rare\rockslide\revisions\og-v2\preview\rockslide-og-v2-hero.png'
00:54.360  render           | Saved: 'C:\Users\anton\robloxGame\assets\piggies\rare\rockslide\revisions\og-v2\preview\rockslide-og-v2-back.png'
01:18.282  render           | Saved: 'C:\Users\anton\robloxGame\assets\piggies\rare\rockslide\revisions\og-v2\preview\rockslide-og-v2-top.png'
01:18.328  image.write      | ERROR OpenImageIO write failed: Could not open file "C:\Users\anton\.thumbnails\large\blender_19264_055893550698948977487a8123f99ef8.png.png"

FBX export starting... 'C:\\Users\\anton\\robloxGame\\assets\\piggies\\rare\\rockslide\\revisions\\og-v2\\package\\rockslide-og-v2-complete.fbx'
export finished in 0.0974 sec.
FBX version: 7400

FBX export starting... 'C:\\Users\\anton\\robloxGame\\assets\\piggies\\rare\\rockslide\\revisions\\og-v2\\package\\rockslide-og-v2-accessories.fbx'
export finished in 0.1041 sec.
FBX version: 7400
Info: Saved as "rockslide-og-v2.blend"
OG_COMPLETE rockslide {"extraTriangles": 192, "maps": 6, "basePreserved": true}
Blender 5.2.1 LTS (hash 9e2066aef7ef built 2026-08-25 02:38:20)

Blender quit
