C:\Users\anton\robloxGame\assets\piggies\og-redesign-v1\build_og.py:51: DeprecationWarning: 'Material.use_nodes' is expected to be removed in Blender 6.0
  m=bpy.data.materials.new(KEY+'_'+name);m.use_nodes=True
00:08.812  image.write      | ERROR OpenImageIO write failed: Could not open file "C:\Users\anton\.thumbnails\large\blender_15648_cf1deca722075ae8a03334e4ade60ae4.png.png"
Info: Saved as "charcoal-og-v1-procedural.blend"
Info: Baking map saved to internal image, save it externally or pack it
BAKED charcoal body color
Info: Baking map saved to internal image, save it externally or pack it
BAKED charcoal body emissive
Info: Baking map saved to internal image, save it externally or pack it
Info: Baking map saved to internal image, save it externally or pack it
Info: Baking map saved to internal image, save it externally or pack it
Info: Baking map saved to internal image, save it externally or pack it
BAKED charcoal trim color
Info: Baking map saved to internal image, save it externally or pack it
Info: Baking map saved to internal image, save it externally or pack it
Info: Baking map saved to internal image, save it externally or pack it
Info: Baking map saved to internal image, save it externally or pack it
BAKED charcoal trim emissive
C:\Users\anton\robloxGame\assets\piggies\og-redesign-v1\build_og.py:477: DeprecationWarning: 'World.use_nodes' is expected to be removed in Blender 6.0
  world=bpy.data.worlds.new(KEY+'_World');world.use_nodes=True;scene.world=world
00:50.609  render           | Saved: 'C:\Users\anton\robloxGame\assets\piggies\epic\charcoal\preview\charcoal-og-v1-hero.png'
01:00.843  render           | Saved: 'C:\Users\anton\robloxGame\assets\piggies\epic\charcoal\preview\charcoal-og-v1-back.png'
01:15.390  render           | Saved: 'C:\Users\anton\robloxGame\assets\piggies\epic\charcoal\preview\charcoal-og-v1-motion.png'
01:15.640  image.write      | ERROR OpenImageIO write failed: Could not open file "C:\Users\anton\.thumbnails\large\blender_15648_cc3929a13d8dcaf793fec0c8b243fe25.png.png"

FBX export starting... 'C:\\Users\\anton\\robloxGame\\assets\\piggies\\epic\\charcoal\\package\\charcoal-og-v1-complete.fbx'
export finished in 0.1835 sec.
FBX version: 7400
Info: Saved as "charcoal-og-v1.blend"
OG_COMPLETE charcoal {"extraTriangles": 0, "maps": 4, "basePreserved": true}
Blender 5.2.1 LTS (hash 9e2066aef7ef built 2026-08-25 02:38:20)

Blender quit
