C:\Users\anton\robloxGame\assets\piggies\og-redesign-v1\build_og.py:51: DeprecationWarning: 'Material.use_nodes' is expected to be removed in Blender 6.0
  m=bpy.data.materials.new(KEY+'_'+name);m.use_nodes=True
00:07.312  image.write      | ERROR OpenImageIO write failed: Could not open file "C:\Users\anton\.thumbnails\large\blender_404_1ecad5e6b5995ff083e22954fa56a982.png.png"
Info: Saved as "quartz-og-v1-procedural.blend"
Info: Baking map saved to internal image, save it externally or pack it
BAKED quartz body color
Info: Baking map saved to internal image, save it externally or pack it
Info: Baking map saved to internal image, save it externally or pack it
Info: Baking map saved to internal image, save it externally or pack it
Info: Baking map saved to internal image, save it externally or pack it
BAKED quartz trim color
C:\Users\anton\robloxGame\assets\piggies\og-redesign-v1\build_og.py:477: DeprecationWarning: 'World.use_nodes' is expected to be removed in Blender 6.0
  world=bpy.data.worlds.new(KEY+'_World');world.use_nodes=True;scene.world=world
00:35.515  render           | Saved: 'C:\Users\anton\robloxGame\assets\piggies\rare\quartz\preview\quartz-og-v1-hero.png'
00:54.093  render           | Saved: 'C:\Users\anton\robloxGame\assets\piggies\rare\quartz\preview\quartz-og-v1-back.png'
00:54.140  image.write      | ERROR OpenImageIO write failed: Could not open file "C:\Users\anton\.thumbnails\large\blender_404_1504f1a4590c4d6d6c008730bc7232e8.png.png"

FBX export starting... 'C:\\Users\\anton\\robloxGame\\assets\\piggies\\rare\\quartz\\package\\quartz-og-v1-complete.fbx'
export finished in 0.0688 sec.
FBX version: 7400

FBX export starting... 'C:\\Users\\anton\\robloxGame\\assets\\piggies\\rare\\quartz\\package\\quartz-og-v1-accessories.fbx'
export finished in 0.0350 sec.
FBX version: 7400
Info: Saved as "quartz-og-v1.blend"
OG_COMPLETE quartz {"extraTriangles": 144, "maps": 2, "basePreserved": true}
Blender 5.2.1 LTS (hash 9e2066aef7ef built 2026-08-25 02:38:20)

Blender quit
