C:\Users\anton\robloxGame\assets\piggies\og-redesign-v1\build_og.py:51: DeprecationWarning: 'Material.use_nodes' is expected to be removed in Blender 6.0
  m=bpy.data.materials.new(KEY+'_'+name);m.use_nodes=True
00:17.438  image.write      | ERROR OpenImageIO write failed: Could not open file "C:\Users\anton\.thumbnails\large\blender_19296_72fb3311d3ec39573e42a8739077f473.png.png"
Info: Saved as "starlight-og-v1-procedural.blend"
Info: Baking map saved to internal image, save it externally or pack it
BAKED starlight body color
Info: Baking map saved to internal image, save it externally or pack it
BAKED starlight body emissive
Info: Baking map saved to internal image, save it externally or pack it
Info: Baking map saved to internal image, save it externally or pack it
Info: Baking map saved to internal image, save it externally or pack it
Info: Baking map saved to internal image, save it externally or pack it
BAKED starlight trim color
Info: Baking map saved to internal image, save it externally or pack it
Info: Baking map saved to internal image, save it externally or pack it
Info: Baking map saved to internal image, save it externally or pack it
Info: Baking map saved to internal image, save it externally or pack it
BAKED starlight trim emissive
C:\Users\anton\robloxGame\assets\piggies\og-redesign-v1\build_og.py:477: DeprecationWarning: 'World.use_nodes' is expected to be removed in Blender 6.0
  world=bpy.data.worlds.new(KEY+'_World');world.use_nodes=True;scene.world=world
00:45.922  render           | Saved: 'C:\Users\anton\robloxGame\assets\piggies\epic\starlight\preview\starlight-og-v1-hero.png'
00:56.610  render           | Saved: 'C:\Users\anton\robloxGame\assets\piggies\epic\starlight\preview\starlight-og-v1-back.png'
01:11.141  render           | Saved: 'C:\Users\anton\robloxGame\assets\piggies\epic\starlight\preview\starlight-og-v1-motion.png'
01:11.407  image.write      | ERROR OpenImageIO write failed: Could not open file "C:\Users\anton\.thumbnails\large\blender_19296_2cbcc2b247232630cb17ad6740eae96e.png.png"

FBX export starting... 'C:\\Users\\anton\\robloxGame\\assets\\piggies\\epic\\starlight\\package\\starlight-og-v1-complete.fbx'
export finished in 0.1234 sec.
FBX version: 7400
Info: Saved as "starlight-og-v1.blend"
OG_COMPLETE starlight {"extraTriangles": 0, "maps": 4, "basePreserved": true}
Blender 5.2.1 LTS (hash 9e2066aef7ef built 2026-08-25 02:38:20)

Blender quit
