C:\Users\anton\robloxGame\assets\piggies\og-redesign-v1\build_og.py:51: DeprecationWarning: 'Material.use_nodes' is expected to be removed in Blender 6.0
  m=bpy.data.materials.new(KEY+'_'+name);m.use_nodes=True
00:09.781  image.write      | ERROR OpenImageIO write failed: Could not open file "C:\Users\anton\.thumbnails\large\blender_17240_cae62c623ecddf51e041b17678499832.png.png"
Info: Saved as "tiedye-og-v1-procedural.blend"
Info: Baking map saved to internal image, save it externally or pack it
BAKED tiedye body color
Info: Baking map saved to internal image, save it externally or pack it
Info: Baking map saved to internal image, save it externally or pack it
Info: Baking map saved to internal image, save it externally or pack it
Info: Baking map saved to internal image, save it externally or pack it
BAKED tiedye trim color
C:\Users\anton\robloxGame\assets\piggies\og-redesign-v1\build_og.py:477: DeprecationWarning: 'World.use_nodes' is expected to be removed in Blender 6.0
  world=bpy.data.worlds.new(KEY+'_World');world.use_nodes=True;scene.world=world
00:36.578  render           | Saved: 'C:\Users\anton\robloxGame\assets\piggies\rare\tiedye\preview\tiedye-og-v1-hero.png'
00:52.125  render           | Saved: 'C:\Users\anton\robloxGame\assets\piggies\rare\tiedye\preview\tiedye-og-v1-back.png'
00:52.234  image.write      | ERROR OpenImageIO write failed: Could not open file "C:\Users\anton\.thumbnails\large\blender_17240_b2ce8a2bddb5759b2438a22b09fe08f0.png.png"

FBX export starting... 'C:\\Users\\anton\\robloxGame\\assets\\piggies\\rare\\tiedye\\package\\tiedye-og-v1-complete.fbx'
export finished in 0.0699 sec.
FBX version: 7400
Info: Saved as "tiedye-og-v1.blend"
OG_COMPLETE tiedye {"extraTriangles": 0, "maps": 2, "basePreserved": true}
Blender 5.2.1 LTS (hash 9e2066aef7ef built 2026-08-25 02:38:20)

Blender quit
