C:\Users\anton\robloxGame\assets\piggies\og-redesign-v1\build_og.py:51: DeprecationWarning: 'Material.use_nodes' is expected to be removed in Blender 6.0
  m=bpy.data.materials.new(KEY+'_'+name);m.use_nodes=True
00:09.344  image.write      | ERROR OpenImageIO write failed: Could not open file "C:\Users\anton\.thumbnails\large\blender_17116_25efa364e0a485f9b120a34f5a6336b7.png.png"
Info: Saved as "verdigris-og-v1-procedural.blend"
Info: Baking map saved to internal image, save it externally or pack it
BAKED verdigris body color
Info: Baking map saved to internal image, save it externally or pack it
BAKED verdigris body metal
Info: Baking map saved to internal image, save it externally or pack it
BAKED verdigris body rough
Info: Baking map saved to internal image, save it externally or pack it
Info: Baking map saved to internal image, save it externally or pack it
Info: Baking map saved to internal image, save it externally or pack it
Info: Baking map saved to internal image, save it externally or pack it
BAKED verdigris trim color
Info: Baking map saved to internal image, save it externally or pack it
Info: Baking map saved to internal image, save it externally or pack it
Info: Baking map saved to internal image, save it externally or pack it
Info: Baking map saved to internal image, save it externally or pack it
BAKED verdigris trim metal
Info: Baking map saved to internal image, save it externally or pack it
Info: Baking map saved to internal image, save it externally or pack it
Info: Baking map saved to internal image, save it externally or pack it
Info: Baking map saved to internal image, save it externally or pack it
BAKED verdigris trim rough
C:\Users\anton\robloxGame\assets\piggies\og-redesign-v1\build_og.py:477: DeprecationWarning: 'World.use_nodes' is expected to be removed in Blender 6.0
  world=bpy.data.worlds.new(KEY+'_World');world.use_nodes=True;scene.world=world
01:05.203  render           | Saved: 'C:\Users\anton\robloxGame\assets\piggies\rare\verdigris\preview\verdigris-og-v1-hero.png'
01:18.578  render           | Saved: 'C:\Users\anton\robloxGame\assets\piggies\rare\verdigris\preview\verdigris-og-v1-back.png'
01:18.640  image.write      | ERROR OpenImageIO write failed: Could not open file "C:\Users\anton\.thumbnails\large\blender_17116_54910eb0f03eb24636ff07163ec181fd.png.png"

FBX export starting... 'C:\\Users\\anton\\robloxGame\\assets\\piggies\\rare\\verdigris\\package\\verdigris-og-v1-complete.fbx'
export finished in 0.1000 sec.
FBX version: 7400
Info: Saved as "verdigris-og-v1.blend"
OG_COMPLETE verdigris {"extraTriangles": 0, "maps": 6, "basePreserved": true}
Blender 5.2.1 LTS (hash 9e2066aef7ef built 2026-08-25 02:38:20)

Blender quit
