00:06.360  blend            | Read blend: "C:\Users\anton\robloxGame\assets\piggies\legendary\finalboss\package\overdrive-v3\finalboss-overdrive-v3.blend"
00:08.328  render           | Saved: 'C:\Users\anton\robloxGame\assets\piggies\legendary\finalboss\preview\overdrive-v3\frames\motion-00.png'
00:10.391  render           | Saved: 'C:\Users\anton\robloxGame\assets\piggies\legendary\finalboss\preview\overdrive-v3\frames\motion-01.png'
00:12.672  render           | Saved: 'C:\Users\anton\robloxGame\assets\piggies\legendary\finalboss\preview\overdrive-v3\frames\motion-02.png'
00:14.953  render           | Saved: 'C:\Users\anton\robloxGame\assets\piggies\legendary\finalboss\preview\overdrive-v3\frames\motion-03.png'
00:17.110  render           | Saved: 'C:\Users\anton\robloxGame\assets\piggies\legendary\finalboss\preview\overdrive-v3\frames\motion-04.png'
00:19.016  render           | Saved: 'C:\Users\anton\robloxGame\assets\piggies\legendary\finalboss\preview\overdrive-v3\frames\motion-05.png'
00:21.188  render           | Saved: 'C:\Users\anton\robloxGame\assets\piggies\legendary\finalboss\preview\overdrive-v3\frames\motion-06.png'
00:23.266  render           | Saved: 'C:\Users\anton\robloxGame\assets\piggies\legendary\finalboss\preview\overdrive-v3\frames\motion-07.png'
00:25.360  render           | Saved: 'C:\Users\anton\robloxGame\assets\piggies\legendary\finalboss\preview\overdrive-v3\frames\motion-08.png'
00:27.422  render           | Saved: 'C:\Users\anton\robloxGame\assets\piggies\legendary\finalboss\preview\overdrive-v3\frames\motion-09.png'
00:29.641  render           | Saved: 'C:\Users\anton\robloxGame\assets\piggies\legendary\finalboss\preview\overdrive-v3\frames\motion-10.png'
00:31.953  render           | Saved: 'C:\Users\anton\robloxGame\assets\piggies\legendary\finalboss\preview\overdrive-v3\frames\motion-11.png'
00:33.828  render           | Saved: 'C:\Users\anton\robloxGame\assets\piggies\legendary\finalboss\preview\overdrive-v3\frames\motion-12.png'
00:35.750  render           | Saved: 'C:\Users\anton\robloxGame\assets\piggies\legendary\finalboss\preview\overdrive-v3\frames\motion-13.png'
00:37.953  render           | Saved: 'C:\Users\anton\robloxGame\assets\piggies\legendary\finalboss\preview\overdrive-v3\frames\motion-14.png'
00:39.891  render           | Saved: 'C:\Users\anton\robloxGame\assets\piggies\legendary\finalboss\preview\overdrive-v3\frames\motion-15.png'
00:41.828  render           | Saved: 'C:\Users\anton\robloxGame\assets\piggies\legendary\finalboss\preview\overdrive-v3\frames\motion-16.png'
00:43.938  render           | Saved: 'C:\Users\anton\robloxGame\assets\piggies\legendary\finalboss\preview\overdrive-v3\frames\motion-17.png'
00:45.813  render           | Saved: 'C:\Users\anton\robloxGame\assets\piggies\legendary\finalboss\preview\overdrive-v3\frames\motion-18.png'
00:47.735  render           | Saved: 'C:\Users\anton\robloxGame\assets\piggies\legendary\finalboss\preview\overdrive-v3\frames\motion-19.png'
00:49.750  render           | Saved: 'C:\Users\anton\robloxGame\assets\piggies\legendary\finalboss\preview\overdrive-v3\frames\motion-20.png'
00:51.641  render           | Saved: 'C:\Users\anton\robloxGame\assets\piggies\legendary\finalboss\preview\overdrive-v3\frames\motion-21.png'
00:53.641  render           | Saved: 'C:\Users\anton\robloxGame\assets\piggies\legendary\finalboss\preview\overdrive-v3\frames\motion-22.png'
00:55.594  render           | Saved: 'C:\Users\anton\robloxGame\assets\piggies\legendary\finalboss\preview\overdrive-v3\frames\motion-23.png'
00:57.516  render           | Saved: 'C:\Users\anton\robloxGame\assets\piggies\legendary\finalboss\preview\overdrive-v3\frames\reactor-00.png'
00:59.625  render           | Saved: 'C:\Users\anton\robloxGame\assets\piggies\legendary\finalboss\preview\overdrive-v3\frames\reactor-01.png'
01:01.578  render           | Saved: 'C:\Users\anton\robloxGame\assets\piggies\legendary\finalboss\preview\overdrive-v3\frames\reactor-02.png'
01:03.516  render           | Saved: 'C:\Users\anton\robloxGame\assets\piggies\legendary\finalboss\preview\overdrive-v3\frames\reactor-03.png'
01:05.641  render           | Saved: 'C:\Users\anton\robloxGame\assets\piggies\legendary\finalboss\preview\overdrive-v3\frames\reactor-04.png'
01:07.516  render           | Saved: 'C:\Users\anton\robloxGame\assets\piggies\legendary\finalboss\preview\overdrive-v3\frames\reactor-05.png'
01:09.485  render           | Saved: 'C:\Users\anton\robloxGame\assets\piggies\legendary\finalboss\preview\overdrive-v3\frames\reactor-06.png'
01:11.610  render           | Saved: 'C:\Users\anton\robloxGame\assets\piggies\legendary\finalboss\preview\overdrive-v3\frames\reactor-07.png'
01:13.500  render           | Saved: 'C:\Users\anton\robloxGame\assets\piggies\legendary\finalboss\preview\overdrive-v3\frames\reactor-08.png'
01:15.531  render           | Saved: 'C:\Users\anton\robloxGame\assets\piggies\legendary\finalboss\preview\overdrive-v3\frames\reactor-09.png'
01:17.563  render           | Saved: 'C:\Users\anton\robloxGame\assets\piggies\legendary\finalboss\preview\overdrive-v3\frames\reactor-10.png'
01:19.672  render           | Saved: 'C:\Users\anton\robloxGame\assets\piggies\legendary\finalboss\preview\overdrive-v3\frames\reactor-11.png'
01:21.860  render           | Saved: 'C:\Users\anton\robloxGame\assets\piggies\legendary\finalboss\preview\overdrive-v3\frames\reactor-12.png'
01:24.125  render           | Saved: 'C:\Users\anton\robloxGame\assets\piggies\legendary\finalboss\preview\overdrive-v3\frames\reactor-13.png'
01:26.110  render           | Saved: 'C:\Users\anton\robloxGame\assets\piggies\legendary\finalboss\preview\overdrive-v3\frames\reactor-14.png'
01:28.203  render           | Saved: 'C:\Users\anton\robloxGame\assets\piggies\legendary\finalboss\preview\overdrive-v3\frames\reactor-15.png'
01:30.141  render           | Saved: 'C:\Users\anton\robloxGame\assets\piggies\legendary\finalboss\preview\overdrive-v3\frames\reactor-16.png'
01:32.235  render           | Saved: 'C:\Users\anton\robloxGame\assets\piggies\legendary\finalboss\preview\overdrive-v3\frames\reactor-17.png'
01:34.219  render           | Saved: 'C:\Users\anton\robloxGame\assets\piggies\legendary\finalboss\preview\overdrive-v3\frames\reactor-18.png'
01:36.141  render           | Saved: 'C:\Users\anton\robloxGame\assets\piggies\legendary\finalboss\preview\overdrive-v3\frames\reactor-19.png'
01:38.203  render           | Saved: 'C:\Users\anton\robloxGame\assets\piggies\legendary\finalboss\preview\overdrive-v3\frames\reactor-20.png'
01:40.094  render           | Saved: 'C:\Users\anton\robloxGame\assets\piggies\legendary\finalboss\preview\overdrive-v3\frames\reactor-21.png'
01:42.016  render           | Saved: 'C:\Users\anton\robloxGame\assets\piggies\legendary\finalboss\preview\overdrive-v3\frames\reactor-22.png'
01:44.141  render           | Saved: 'C:\Users\anton\robloxGame\assets\piggies\legendary\finalboss\preview\overdrive-v3\frames\reactor-23.png'
MOTION_RENDER_COMPLETE
Blender 5.2.1 LTS (hash 9e2066aef7ef built 2026-08-25 02:38:20)

Blender quit
