00:02.453  blend            | Read blend: "C:\Users\anton\robloxGame\assets\piggies\legendary\jackpot\package\jackpot-v3\jackpot-jackpot-v3.blend"
00:04.250  render           | Saved: 'C:\Users\anton\robloxGame\assets\piggies\legendary\jackpot\preview\jackpot-v3\frames\payout-00.png'
00:06.297  render           | Saved: 'C:\Users\anton\robloxGame\assets\piggies\legendary\jackpot\preview\jackpot-v3\frames\payout-01.png'
00:08.234  render           | Saved: 'C:\Users\anton\robloxGame\assets\piggies\legendary\jackpot\preview\jackpot-v3\frames\payout-02.png'
00:10.187  render           | Saved: 'C:\Users\anton\robloxGame\assets\piggies\legendary\jackpot\preview\jackpot-v3\frames\payout-03.png'
00:12.500  render           | Saved: 'C:\Users\anton\robloxGame\assets\piggies\legendary\jackpot\preview\jackpot-v3\frames\payout-04.png'
00:14.375  render           | Saved: 'C:\Users\anton\robloxGame\assets\piggies\legendary\jackpot\preview\jackpot-v3\frames\payout-05.png'
00:16.156  render           | Saved: 'C:\Users\anton\robloxGame\assets\piggies\legendary\jackpot\preview\jackpot-v3\frames\payout-06.png'
00:17.984  render           | Saved: 'C:\Users\anton\robloxGame\assets\piggies\legendary\jackpot\preview\jackpot-v3\frames\payout-07.png'
00:19.781  render           | Saved: 'C:\Users\anton\robloxGame\assets\piggies\legendary\jackpot\preview\jackpot-v3\frames\payout-08.png'
00:21.562  render           | Saved: 'C:\Users\anton\robloxGame\assets\piggies\legendary\jackpot\preview\jackpot-v3\frames\payout-09.png'
00:23.390  render           | Saved: 'C:\Users\anton\robloxGame\assets\piggies\legendary\jackpot\preview\jackpot-v3\frames\payout-10.png'
00:25.250  render           | Saved: 'C:\Users\anton\robloxGame\assets\piggies\legendary\jackpot\preview\jackpot-v3\frames\payout-11.png'
00:27.062  render           | Saved: 'C:\Users\anton\robloxGame\assets\piggies\legendary\jackpot\preview\jackpot-v3\frames\payout-12.png'
00:28.937  render           | Saved: 'C:\Users\anton\robloxGame\assets\piggies\legendary\jackpot\preview\jackpot-v3\frames\payout-13.png'
00:30.797  render           | Saved: 'C:\Users\anton\robloxGame\assets\piggies\legendary\jackpot\preview\jackpot-v3\frames\payout-14.png'
00:32.812  render           | Saved: 'C:\Users\anton\robloxGame\assets\piggies\legendary\jackpot\preview\jackpot-v3\frames\payout-15.png'
00:34.797  render           | Saved: 'C:\Users\anton\robloxGame\assets\piggies\legendary\jackpot\preview\jackpot-v3\frames\payout-16.png'
00:36.562  render           | Saved: 'C:\Users\anton\robloxGame\assets\piggies\legendary\jackpot\preview\jackpot-v3\frames\payout-17.png'
00:38.375  render           | Saved: 'C:\Users\anton\robloxGame\assets\piggies\legendary\jackpot\preview\jackpot-v3\frames\payout-18.png'
00:40.203  render           | Saved: 'C:\Users\anton\robloxGame\assets\piggies\legendary\jackpot\preview\jackpot-v3\frames\payout-19.png'
00:42.015  render           | Saved: 'C:\Users\anton\robloxGame\assets\piggies\legendary\jackpot\preview\jackpot-v3\frames\payout-20.png'
00:43.797  render           | Saved: 'C:\Users\anton\robloxGame\assets\piggies\legendary\jackpot\preview\jackpot-v3\frames\payout-21.png'
00:45.656  render           | Saved: 'C:\Users\anton\robloxGame\assets\piggies\legendary\jackpot\preview\jackpot-v3\frames\payout-22.png'
00:47.484  render           | Saved: 'C:\Users\anton\robloxGame\assets\piggies\legendary\jackpot\preview\jackpot-v3\frames\payout-23.png'
00:49.265  render           | Saved: 'C:\Users\anton\robloxGame\assets\piggies\legendary\jackpot\preview\jackpot-v3\frames\payout-24.png'
00:51.156  render           | Saved: 'C:\Users\anton\robloxGame\assets\piggies\legendary\jackpot\preview\jackpot-v3\frames\payout-25.png'
00:53.000  render           | Saved: 'C:\Users\anton\robloxGame\assets\piggies\legendary\jackpot\preview\jackpot-v3\frames\payout-26.png'
00:54.812  render           | Saved: 'C:\Users\anton\robloxGame\assets\piggies\legendary\jackpot\preview\jackpot-v3\frames\payout-27.png'
00:56.656  render           | Saved: 'C:\Users\anton\robloxGame\assets\piggies\legendary\jackpot\preview\jackpot-v3\frames\payout-28.png'
00:58.453  render           | Saved: 'C:\Users\anton\robloxGame\assets\piggies\legendary\jackpot\preview\jackpot-v3\frames\payout-29.png'
01:00.594  render           | Saved: 'C:\Users\anton\robloxGame\assets\piggies\legendary\jackpot\preview\jackpot-v3\frames\payout-30.png'
01:02.437  render           | Saved: 'C:\Users\anton\robloxGame\assets\piggies\legendary\jackpot\preview\jackpot-v3\frames\payout-31.png'
01:04.281  render           | Saved: 'C:\Users\anton\robloxGame\assets\piggies\legendary\jackpot\preview\jackpot-v3\frames\payout-32.png'
01:06.172  render           | Saved: 'C:\Users\anton\robloxGame\assets\piggies\legendary\jackpot\preview\jackpot-v3\frames\payout-33.png'
01:08.344  render           | Saved: 'C:\Users\anton\robloxGame\assets\piggies\legendary\jackpot\preview\jackpot-v3\frames\payout-34.png'
01:10.422  render           | Saved: 'C:\Users\anton\robloxGame\assets\piggies\legendary\jackpot\preview\jackpot-v3\frames\payout-35.png'
01:12.328  render           | Saved: 'C:\Users\anton\robloxGame\assets\piggies\legendary\jackpot\preview\jackpot-v3\frames\payout-36.png'
01:14.219  render           | Saved: 'C:\Users\anton\robloxGame\assets\piggies\legendary\jackpot\preview\jackpot-v3\frames\payout-37.png'
01:16.015  render           | Saved: 'C:\Users\anton\robloxGame\assets\piggies\legendary\jackpot\preview\jackpot-v3\frames\payout-38.png'
01:17.875  render           | Saved: 'C:\Users\anton\robloxGame\assets\piggies\legendary\jackpot\preview\jackpot-v3\frames\payout-39.png'
01:19.906  render           | Saved: 'C:\Users\anton\robloxGame\assets\piggies\legendary\jackpot\preview\jackpot-v3\frames\payout-40.png'
01:21.719  render           | Saved: 'C:\Users\anton\robloxGame\assets\piggies\legendary\jackpot\preview\jackpot-v3\frames\payout-41.png'
01:23.625  render           | Saved: 'C:\Users\anton\robloxGame\assets\piggies\legendary\jackpot\preview\jackpot-v3\frames\payout-42.png'
01:25.906  render           | Saved: 'C:\Users\anton\robloxGame\assets\piggies\legendary\jackpot\preview\jackpot-v3\frames\payout-43.png'
01:27.953  render           | Saved: 'C:\Users\anton\robloxGame\assets\piggies\legendary\jackpot\preview\jackpot-v3\frames\payout-44.png'
01:29.734  render           | Saved: 'C:\Users\anton\robloxGame\assets\piggies\legendary\jackpot\preview\jackpot-v3\frames\payout-45.png'
01:31.750  render           | Saved: 'C:\Users\anton\robloxGame\assets\piggies\legendary\jackpot\preview\jackpot-v3\frames\payout-46.png'
01:33.750  render           | Saved: 'C:\Users\anton\robloxGame\assets\piggies\legendary\jackpot\preview\jackpot-v3\frames\payout-47.png'
01:35.750  render           | Saved: 'C:\Users\anton\robloxGame\assets\piggies\legendary\jackpot\preview\jackpot-v3\frames\payout-48.png'
01:37.640  render           | Saved: 'C:\Users\anton\robloxGame\assets\piggies\legendary\jackpot\preview\jackpot-v3\frames\payout-49.png'
01:39.687  render           | Saved: 'C:\Users\anton\robloxGame\assets\piggies\legendary\jackpot\preview\jackpot-v3\frames\payout-50.png'
01:41.625  render           | Saved: 'C:\Users\anton\robloxGame\assets\piggies\legendary\jackpot\preview\jackpot-v3\frames\payout-51.png'
01:43.594  render           | Saved: 'C:\Users\anton\robloxGame\assets\piggies\legendary\jackpot\preview\jackpot-v3\frames\payout-52.png'
01:45.625  render           | Saved: 'C:\Users\anton\robloxGame\assets\piggies\legendary\jackpot\preview\jackpot-v3\frames\payout-53.png'
01:47.469  render           | Saved: 'C:\Users\anton\robloxGame\assets\piggies\legendary\jackpot\preview\jackpot-v3\frames\payout-54.png'
01:49.500  render           | Saved: 'C:\Users\anton\robloxGame\assets\piggies\legendary\jackpot\preview\jackpot-v3\frames\payout-55.png'
01:51.703  render           | Saved: 'C:\Users\anton\robloxGame\assets\piggies\legendary\jackpot\preview\jackpot-v3\frames\payout-56.png'
01:53.953  render           | Saved: 'C:\Users\anton\robloxGame\assets\piggies\legendary\jackpot\preview\jackpot-v3\frames\payout-57.png'
01:55.937  render           | Saved: 'C:\Users\anton\robloxGame\assets\piggies\legendary\jackpot\preview\jackpot-v3\frames\payout-58.png'
01:57.734  render           | Saved: 'C:\Users\anton\robloxGame\assets\piggies\legendary\jackpot\preview\jackpot-v3\frames\payout-59.png'
01:59.687  render           | Saved: 'C:\Users\anton\robloxGame\assets\piggies\legendary\jackpot\preview\jackpot-v3\frames\payout-60.png'
02:01.719  render           | Saved: 'C:\Users\anton\robloxGame\assets\piggies\legendary\jackpot\preview\jackpot-v3\frames\payout-61.png'
02:03.812  render           | Saved: 'C:\Users\anton\robloxGame\assets\piggies\legendary\jackpot\preview\jackpot-v3\frames\payout-62.png'
02:05.875  render           | Saved: 'C:\Users\anton\robloxGame\assets\piggies\legendary\jackpot\preview\jackpot-v3\frames\payout-63.png'
02:07.890  render           | Saved: 'C:\Users\anton\robloxGame\assets\piggies\legendary\jackpot\preview\jackpot-v3\frames\payout-64.png'
02:09.953  render           | Saved: 'C:\Users\anton\robloxGame\assets\piggies\legendary\jackpot\preview\jackpot-v3\frames\payout-65.png'
02:11.953  render           | Saved: 'C:\Users\anton\robloxGame\assets\piggies\legendary\jackpot\preview\jackpot-v3\frames\payout-66.png'
02:14.172  render           | Saved: 'C:\Users\anton\robloxGame\assets\piggies\legendary\jackpot\preview\jackpot-v3\frames\payout-67.png'
02:16.453  render           | Saved: 'C:\Users\anton\robloxGame\assets\piggies\legendary\jackpot\preview\jackpot-v3\frames\payout-68.png'
02:18.578  render           | Saved: 'C:\Users\anton\robloxGame\assets\piggies\legendary\jackpot\preview\jackpot-v3\frames\payout-69.png'
02:20.547  render           | Saved: 'C:\Users\anton\robloxGame\assets\piggies\legendary\jackpot\preview\jackpot-v3\frames\payout-70.png'
02:22.547  render           | Saved: 'C:\Users\anton\robloxGame\assets\piggies\legendary\jackpot\preview\jackpot-v3\frames\payout-71.png'
MOTION_RENDER_COMPLETE
Blender 5.2.1 LTS (hash 9e2066aef7ef built 2026-08-25 02:38:20)

Blender quit
